[INFO] Scanning for projects...
[INFO] 
[INFO] ----------------------< com.creepereye:ecommerce >----------------------
[INFO] Building ecommerce backend 0.0.1-SNAPSHOT
[INFO]   from pom.xml
[INFO] --------------------------------[ jar ]---------------------------------
[INFO] 
[INFO] --- apt:1.1.3:process (default) @ ecommerce ---
[INFO] 
[INFO] --- resources:3.3.1:resources (default-resources) @ ecommerce ---
[INFO] Copying 3 resources from src\main\resources to target\classes
[INFO] Copying 0 resource from src\main\resources to target\classes
[INFO] 
[INFO] --- compiler:3.13.0:compile (default-compile) @ ecommerce ---
[INFO] Recompiling the module because of changed source code.
[INFO] Compiling 67 source files with javac [debug parameters release 21] to target\classes
[INFO] Annotation processing is enabled because one or more processors were found
  on the class path. A future release of javac may disable annotation processing
  unless at least one processor is specified by name (-processor), or a search
  path is specified (--processor-path, --processor-module-path), or annotation
  processing is enabled explicitly (-proc:only, -proc:full).
  Use -Xlint:-options to suppress this message.
  Use -proc:none to disable annotation processing.
[INFO] 
[INFO] --- resources:3.3.1:testResources (default-testResources) @ ecommerce ---
[INFO] Copying 0 resource from src\test\resources to target\test-classes
[INFO] 
[INFO] --- compiler:3.13.0:testCompile (default-testCompile) @ ecommerce ---
[INFO] Recompiling the module because of changed dependency.
[INFO] Compiling 6 source files with javac [debug parameters release 21] to target\test-classes
[INFO] Annotation processing is enabled because one or more processors were found
  on the class path. A future release of javac may disable annotation processing
  unless at least one processor is specified by name (-processor), or a search
  path is specified (--processor-path, --processor-module-path), or annotation
  processing is enabled explicitly (-proc:only, -proc:full).
  Use -Xlint:-options to suppress this message.
  Use -proc:none to disable annotation processing.
[WARNING] /C:/Users/creep/Documents/e-commerce-system/Backend/src/test/java/com/creepereye/ecommerce/domain/auth/controller/AuthControllerTest.java:[42,6] org.springframework.boot.test.mock.mockito.MockBean in org.springframework.boot.test.mock.mockito has been deprecated and marked for removal
[WARNING] /C:/Users/creep/Documents/e-commerce-system/Backend/src/test/java/com/creepereye/ecommerce/domain/auth/controller/AuthControllerTest.java:[42,6] org.springframework.boot.test.mock.mockito.MockBean in org.springframework.boot.test.mock.mockito has been deprecated and marked for removal
[WARNING] /C:/Users/creep/Documents/e-commerce-system/Backend/src/test/java/com/creepereye/ecommerce/domain/auth/controller/AuthControllerTest.java:[42,6] org.springframework.boot.test.mock.mockito.MockBean in org.springframework.boot.test.mock.mockito has been deprecated and marked for removal
[WARNING] /C:/Users/creep/Documents/e-commerce-system/Backend/src/test/java/com/creepereye/ecommerce/domain/auth/controller/AuthControllerTest.java:[42,6] org.springframework.boot.test.mock.mockito.MockBean in org.springframework.boot.test.mock.mockito has been deprecated and marked for removal
[WARNING] /C:/Users/creep/Documents/e-commerce-system/Backend/src/test/java/com/creepereye/ecommerce/domain/auth/controller/AuthControllerTest.java:[42,6] org.springframework.boot.test.mock.mockito.MockBean in org.springframework.boot.test.mock.mockito has been deprecated and marked for removal
[WARNING] /C:/Users/creep/Documents/e-commerce-system/Backend/src/test/java/com/creepereye/ecommerce/domain/auth/controller/AuthControllerTest.java:[45,6] org.springframework.boot.test.mock.mockito.MockBean in org.springframework.boot.test.mock.mockito has been deprecated and marked for removal
[WARNING] /C:/Users/creep/Documents/e-commerce-system/Backend/src/test/java/com/creepereye/ecommerce/domain/auth/controller/AuthControllerTest.java:[45,6] org.springframework.boot.test.mock.mockito.MockBean in org.springframework.boot.test.mock.mockito has been deprecated and marked for removal
[WARNING] /C:/Users/creep/Documents/e-commerce-system/Backend/src/test/java/com/creepereye/ecommerce/domain/auth/controller/AuthControllerTest.java:[45,6] org.springframework.boot.test.mock.mockito.MockBean in org.springframework.boot.test.mock.mockito has been deprecated and marked for removal
[WARNING] /C:/Users/creep/Documents/e-commerce-system/Backend/src/test/java/com/creepereye/ecommerce/domain/auth/controller/AuthControllerTest.java:[45,6] org.springframework.boot.test.mock.mockito.MockBean in org.springframework.boot.test.mock.mockito has been deprecated and marked for removal
[WARNING] /C:/Users/creep/Documents/e-commerce-system/Backend/src/test/java/com/creepereye/ecommerce/domain/auth/controller/AuthControllerTest.java:[45,6] org.springframework.boot.test.mock.mockito.MockBean in org.springframework.boot.test.mock.mockito has been deprecated and marked for removal
[WARNING] /C:/Users/creep/Documents/e-commerce-system/Backend/src/test/java/com/creepereye/ecommerce/domain/auth/controller/AuthControllerTest.java:[48,6] org.springframework.boot.test.mock.mockito.MockBean in org.springframework.boot.test.mock.mockito has been deprecated and marked for removal
[WARNING] /C:/Users/creep/Documents/e-commerce-system/Backend/src/test/java/com/creepereye/ecommerce/domain/auth/controller/AuthControllerTest.java:[48,6] org.springframework.boot.test.mock.mockito.MockBean in org.springframework.boot.test.mock.mockito has been deprecated and marked for removal
[WARNING] /C:/Users/creep/Documents/e-commerce-system/Backend/src/test/java/com/creepereye/ecommerce/domain/auth/controller/AuthControllerTest.java:[48,6] org.springframework.boot.test.mock.mockito.MockBean in org.springframework.boot.test.mock.mockito has been deprecated and marked for removal
[WARNING] /C:/Users/creep/Documents/e-commerce-system/Backend/src/test/java/com/creepereye/ecommerce/domain/auth/controller/AuthControllerTest.java:[48,6] org.springframework.boot.test.mock.mockito.MockBean in org.springframework.boot.test.mock.mockito has been deprecated and marked for removal
[WARNING] /C:/Users/creep/Documents/e-commerce-system/Backend/src/test/java/com/creepereye/ecommerce/domain/auth/controller/AuthControllerTest.java:[48,6] org.springframework.boot.test.mock.mockito.MockBean in org.springframework.boot.test.mock.mockito has been deprecated and marked for removal
[WARNING] /C:/Users/creep/Documents/e-commerce-system/Backend/src/test/java/com/creepereye/ecommerce/domain/auth/controller/AuthControllerTest.java:[51,6] org.springframework.boot.test.mock.mockito.MockBean in org.springframework.boot.test.mock.mockito has been deprecated and marked for removal
[WARNING] /C:/Users/creep/Documents/e-commerce-system/Backend/src/test/java/com/creepereye/ecommerce/domain/auth/controller/AuthControllerTest.java:[51,6] org.springframework.boot.test.mock.mockito.MockBean in org.springframework.boot.test.mock.mockito has been deprecated and marked for removal
[WARNING] /C:/Users/creep/Documents/e-commerce-system/Backend/src/test/java/com/creepereye/ecommerce/domain/auth/controller/AuthControllerTest.java:[51,6] org.springframework.boot.test.mock.mockito.MockBean in org.springframework.boot.test.mock.mockito has been deprecated and marked for removal
[WARNING] /C:/Users/creep/Documents/e-commerce-system/Backend/src/test/java/com/creepereye/ecommerce/domain/auth/controller/AuthControllerTest.java:[51,6] org.springframework.boot.test.mock.mockito.MockBean in org.springframework.boot.test.mock.mockito has been deprecated and marked for removal
[WARNING] /C:/Users/creep/Documents/e-commerce-system/Backend/src/test/java/com/creepereye/ecommerce/domain/auth/controller/AuthControllerTest.java:[51,6] org.springframework.boot.test.mock.mockito.MockBean in org.springframework.boot.test.mock.mockito has been deprecated and marked for removal
[WARNING] /C:/Users/creep/Documents/e-commerce-system/Backend/src/test/java/com/creepereye/ecommerce/domain/auth/controller/AuthControllerTest.java:[54,6] org.springframework.boot.test.mock.mockito.MockBean in org.springframework.boot.test.mock.mockito has been deprecated and marked for removal
[WARNING] /C:/Users/creep/Documents/e-commerce-system/Backend/src/test/java/com/creepereye/ecommerce/domain/auth/controller/AuthControllerTest.java:[54,6] org.springframework.boot.test.mock.mockito.MockBean in org.springframework.boot.test.mock.mockito has been deprecated and marked for removal
[WARNING] /C:/Users/creep/Documents/e-commerce-system/Backend/src/test/java/com/creepereye/ecommerce/domain/auth/controller/AuthControllerTest.java:[54,6] org.springframework.boot.test.mock.mockito.MockBean in org.springframework.boot.test.mock.mockito has been deprecated and marked for removal
[WARNING] /C:/Users/creep/Documents/e-commerce-system/Backend/src/test/java/com/creepereye/ecommerce/domain/auth/controller/AuthControllerTest.java:[54,6] org.springframework.boot.test.mock.mockito.MockBean in org.springframework.boot.test.mock.mockito has been deprecated and marked for removal
[WARNING] /C:/Users/creep/Documents/e-commerce-system/Backend/src/test/java/com/creepereye/ecommerce/domain/auth/controller/AuthControllerTest.java:[54,6] org.springframework.boot.test.mock.mockito.MockBean in org.springframework.boot.test.mock.mockito has been deprecated and marked for removal
[WARNING] /C:/Users/creep/Documents/e-commerce-system/Backend/src/test/java/com/creepereye/ecommerce/domain/auth/controller/AuthControllerTest.java:[57,6] org.springframework.boot.test.mock.mockito.MockBean in org.springframework.boot.test.mock.mockito has been deprecated and marked for removal
[WARNING] /C:/Users/creep/Documents/e-commerce-system/Backend/src/test/java/com/creepereye/ecommerce/domain/auth/controller/AuthControllerTest.java:[57,6] org.springframework.boot.test.mock.mockito.MockBean in org.springframework.boot.test.mock.mockito has been deprecated and marked for removal
[WARNING] /C:/Users/creep/Documents/e-commerce-system/Backend/src/test/java/com/creepereye/ecommerce/domain/auth/controller/AuthControllerTest.java:[57,6] org.springframework.boot.test.mock.mockito.MockBean in org.springframework.boot.test.mock.mockito has been deprecated and marked for removal
[WARNING] /C:/Users/creep/Documents/e-commerce-system/Backend/src/test/java/com/creepereye/ecommerce/domain/auth/controller/AuthControllerTest.java:[57,6] org.springframework.boot.test.mock.mockito.MockBean in org.springframework.boot.test.mock.mockito has been deprecated and marked for removal
[WARNING] /C:/Users/creep/Documents/e-commerce-system/Backend/src/test/java/com/creepereye/ecommerce/domain/auth/controller/AuthControllerTest.java:[57,6] org.springframework.boot.test.mock.mockito.MockBean in org.springframework.boot.test.mock.mockito has been deprecated and marked for removal
[WARNING] /C:/Users/creep/Documents/e-commerce-system/Backend/src/test/java/com/creepereye/ecommerce/domain/auth/controller/AuthControllerTest.java:[60,6] org.springframework.boot.test.mock.mockito.MockBean in org.springframework.boot.test.mock.mockito has been deprecated and marked for removal
[WARNING] /C:/Users/creep/Documents/e-commerce-system/Backend/src/test/java/com/creepereye/ecommerce/domain/auth/controller/AuthControllerTest.java:[60,6] org.springframework.boot.test.mock.mockito.MockBean in org.springframework.boot.test.mock.mockito has been deprecated and marked for removal
[WARNING] /C:/Users/creep/Documents/e-commerce-system/Backend/src/test/java/com/creepereye/ecommerce/domain/auth/controller/AuthControllerTest.java:[60,6] org.springframework.boot.test.mock.mockito.MockBean in org.springframework.boot.test.mock.mockito has been deprecated and marked for removal
[WARNING] /C:/Users/creep/Documents/e-commerce-system/Backend/src/test/java/com/creepereye/ecommerce/domain/auth/controller/AuthControllerTest.java:[60,6] org.springframework.boot.test.mock.mockito.MockBean in org.springframework.boot.test.mock.mockito has been deprecated and marked for removal
[WARNING] /C:/Users/creep/Documents/e-commerce-system/Backend/src/test/java/com/creepereye/ecommerce/domain/auth/controller/AuthControllerTest.java:[60,6] org.springframework.boot.test.mock.mockito.MockBean in org.springframework.boot.test.mock.mockito has been deprecated and marked for removal
[WARNING] /C:/Users/creep/Documents/e-commerce-system/Backend/src/test/java/com/creepereye/ecommerce/domain/product/controller/ProductControllerTest.java:[40,6] org.springframework.boot.test.mock.mockito.MockBean in org.springframework.boot.test.mock.mockito has been deprecated and marked for removal
[WARNING] /C:/Users/creep/Documents/e-commerce-system/Backend/src/test/java/com/creepereye/ecommerce/domain/product/controller/ProductControllerTest.java:[40,6] org.springframework.boot.test.mock.mockito.MockBean in org.springframework.boot.test.mock.mockito has been deprecated and marked for removal
[WARNING] /C:/Users/creep/Documents/e-commerce-system/Backend/src/test/java/com/creepereye/ecommerce/domain/product/controller/ProductControllerTest.java:[40,6] org.springframework.boot.test.mock.mockito.MockBean in org.springframework.boot.test.mock.mockito has been deprecated and marked for removal
[WARNING] /C:/Users/creep/Documents/e-commerce-system/Backend/src/test/java/com/creepereye/ecommerce/domain/product/controller/ProductControllerTest.java:[40,6] org.springframework.boot.test.mock.mockito.MockBean in org.springframework.boot.test.mock.mockito has been deprecated and marked for removal
[WARNING] /C:/Users/creep/Documents/e-commerce-system/Backend/src/test/java/com/creepereye/ecommerce/domain/product/controller/ProductControllerTest.java:[40,6] org.springframework.boot.test.mock.mockito.MockBean in org.springframework.boot.test.mock.mockito has been deprecated and marked for removal
[WARNING] /C:/Users/creep/Documents/e-commerce-system/Backend/src/test/java/com/creepereye/ecommerce/domain/product/controller/ProductControllerTest.java:[43,6] org.springframework.boot.test.mock.mockito.MockBean in org.springframework.boot.test.mock.mockito has been deprecated and marked for removal
[WARNING] /C:/Users/creep/Documents/e-commerce-system/Backend/src/test/java/com/creepereye/ecommerce/domain/product/controller/ProductControllerTest.java:[43,6] org.springframework.boot.test.mock.mockito.MockBean in org.springframework.boot.test.mock.mockito has been deprecated and marked for removal
[WARNING] /C:/Users/creep/Documents/e-commerce-system/Backend/src/test/java/com/creepereye/ecommerce/domain/product/controller/ProductControllerTest.java:[43,6] org.springframework.boot.test.mock.mockito.MockBean in org.springframework.boot.test.mock.mockito has been deprecated and marked for removal
[WARNING] /C:/Users/creep/Documents/e-commerce-system/Backend/src/test/java/com/creepereye/ecommerce/domain/product/controller/ProductControllerTest.java:[43,6] org.springframework.boot.test.mock.mockito.MockBean in org.springframework.boot.test.mock.mockito has been deprecated and marked for removal
[WARNING] /C:/Users/creep/Documents/e-commerce-system/Backend/src/test/java/com/creepereye/ecommerce/domain/product/controller/ProductControllerTest.java:[43,6] org.springframework.boot.test.mock.mockito.MockBean in org.springframework.boot.test.mock.mockito has been deprecated and marked for removal
[WARNING] /C:/Users/creep/Documents/e-commerce-system/Backend/src/test/java/com/creepereye/ecommerce/domain/product/controller/ProductControllerTest.java:[46,6] org.springframework.boot.test.mock.mockito.MockBean in org.springframework.boot.test.mock.mockito has been deprecated and marked for removal
[WARNING] /C:/Users/creep/Documents/e-commerce-system/Backend/src/test/java/com/creepereye/ecommerce/domain/product/controller/ProductControllerTest.java:[46,6] org.springframework.boot.test.mock.mockito.MockBean in org.springframework.boot.test.mock.mockito has been deprecated and marked for removal
[WARNING] /C:/Users/creep/Documents/e-commerce-system/Backend/src/test/java/com/creepereye/ecommerce/domain/product/controller/ProductControllerTest.java:[46,6] org.springframework.boot.test.mock.mockito.MockBean in org.springframework.boot.test.mock.mockito has been deprecated and marked for removal
[WARNING] /C:/Users/creep/Documents/e-commerce-system/Backend/src/test/java/com/creepereye/ecommerce/domain/product/controller/ProductControllerTest.java:[46,6] org.springframework.boot.test.mock.mockito.MockBean in org.springframework.boot.test.mock.mockito has been deprecated and marked for removal
[WARNING] /C:/Users/creep/Documents/e-commerce-system/Backend/src/test/java/com/creepereye/ecommerce/domain/product/controller/ProductControllerTest.java:[46,6] org.springframework.boot.test.mock.mockito.MockBean in org.springframework.boot.test.mock.mockito has been deprecated and marked for removal
[WARNING] /C:/Users/creep/Documents/e-commerce-system/Backend/src/test/java/com/creepereye/ecommerce/domain/product/controller/ProductControllerTest.java:[49,6] org.springframework.boot.test.mock.mockito.MockBean in org.springframework.boot.test.mock.mockito has been deprecated and marked for removal
[WARNING] /C:/Users/creep/Documents/e-commerce-system/Backend/src/test/java/com/creepereye/ecommerce/domain/product/controller/ProductControllerTest.java:[49,6] org.springframework.boot.test.mock.mockito.MockBean in org.springframework.boot.test.mock.mockito has been deprecated and marked for removal
[WARNING] /C:/Users/creep/Documents/e-commerce-system/Backend/src/test/java/com/creepereye/ecommerce/domain/product/controller/ProductControllerTest.java:[49,6] org.springframework.boot.test.mock.mockito.MockBean in org.springframework.boot.test.mock.mockito has been deprecated and marked for removal
[WARNING] /C:/Users/creep/Documents/e-commerce-system/Backend/src/test/java/com/creepereye/ecommerce/domain/product/controller/ProductControllerTest.java:[49,6] org.springframework.boot.test.mock.mockito.MockBean in org.springframework.boot.test.mock.mockito has been deprecated and marked for removal
[WARNING] /C:/Users/creep/Documents/e-commerce-system/Backend/src/test/java/com/creepereye/ecommerce/domain/product/controller/ProductControllerTest.java:[49,6] org.springframework.boot.test.mock.mockito.MockBean in org.springframework.boot.test.mock.mockito has been deprecated and marked for removal
[WARNING] /C:/Users/creep/Documents/e-commerce-system/Backend/src/test/java/com/creepereye/ecommerce/domain/product/controller/ProductControllerTest.java:[52,6] org.springframework.boot.test.mock.mockito.MockBean in org.springframework.boot.test.mock.mockito has been deprecated and marked for removal
[WARNING] /C:/Users/creep/Documents/e-commerce-system/Backend/src/test/java/com/creepereye/ecommerce/domain/product/controller/ProductControllerTest.java:[52,6] org.springframework.boot.test.mock.mockito.MockBean in org.springframework.boot.test.mock.mockito has been deprecated and marked for removal
[WARNING] /C:/Users/creep/Documents/e-commerce-system/Backend/src/test/java/com/creepereye/ecommerce/domain/product/controller/ProductControllerTest.java:[52,6] org.springframework.boot.test.mock.mockito.MockBean in org.springframework.boot.test.mock.mockito has been deprecated and marked for removal
[WARNING] /C:/Users/creep/Documents/e-commerce-system/Backend/src/test/java/com/creepereye/ecommerce/domain/product/controller/ProductControllerTest.java:[52,6] org.springframework.boot.test.mock.mockito.MockBean in org.springframework.boot.test.mock.mockito has been deprecated and marked for removal
[WARNING] /C:/Users/creep/Documents/e-commerce-system/Backend/src/test/java/com/creepereye/ecommerce/domain/product/controller/ProductControllerTest.java:[52,6] org.springframework.boot.test.mock.mockito.MockBean in org.springframework.boot.test.mock.mockito has been deprecated and marked for removal
[WARNING] /C:/Users/creep/Documents/e-commerce-system/Backend/src/test/java/com/creepereye/ecommerce/domain/product/controller/ProductControllerTest.java:[55,6] org.springframework.boot.test.mock.mockito.MockBean in org.springframework.boot.test.mock.mockito has been deprecated and marked for removal
[WARNING] /C:/Users/creep/Documents/e-commerce-system/Backend/src/test/java/com/creepereye/ecommerce/domain/product/controller/ProductControllerTest.java:[55,6] org.springframework.boot.test.mock.mockito.MockBean in org.springframework.boot.test.mock.mockito has been deprecated and marked for removal
[WARNING] /C:/Users/creep/Documents/e-commerce-system/Backend/src/test/java/com/creepereye/ecommerce/domain/product/controller/ProductControllerTest.java:[55,6] org.springframework.boot.test.mock.mockito.MockBean in org.springframework.boot.test.mock.mockito has been deprecated and marked for removal
[WARNING] /C:/Users/creep/Documents/e-commerce-system/Backend/src/test/java/com/creepereye/ecommerce/domain/product/controller/ProductControllerTest.java:[55,6] org.springframework.boot.test.mock.mockito.MockBean in org.springframework.boot.test.mock.mockito has been deprecated and marked for removal
[WARNING] /C:/Users/creep/Documents/e-commerce-system/Backend/src/test/java/com/creepereye/ecommerce/domain/product/controller/ProductControllerTest.java:[55,6] org.springframework.boot.test.mock.mockito.MockBean in org.springframework.boot.test.mock.mockito has been deprecated and marked for removal
[WARNING] /C:/Users/creep/Documents/e-commerce-system/Backend/src/test/java/com/creepereye/ecommerce/domain/product/controller/ProductControllerTest.java:[58,6] org.springframework.boot.test.mock.mockito.MockBean in org.springframework.boot.test.mock.mockito has been deprecated and marked for removal
[WARNING] /C:/Users/creep/Documents/e-commerce-system/Backend/src/test/java/com/creepereye/ecommerce/domain/product/controller/ProductControllerTest.java:[58,6] org.springframework.boot.test.mock.mockito.MockBean in org.springframework.boot.test.mock.mockito has been deprecated and marked for removal
[WARNING] /C:/Users/creep/Documents/e-commerce-system/Backend/src/test/java/com/creepereye/ecommerce/domain/product/controller/ProductControllerTest.java:[58,6] org.springframework.boot.test.mock.mockito.MockBean in org.springframework.boot.test.mock.mockito has been deprecated and marked for removal
[WARNING] /C:/Users/creep/Documents/e-commerce-system/Backend/src/test/java/com/creepereye/ecommerce/domain/product/controller/ProductControllerTest.java:[58,6] org.springframework.boot.test.mock.mockito.MockBean in org.springframework.boot.test.mock.mockito has been deprecated and marked for removal
[WARNING] /C:/Users/creep/Documents/e-commerce-system/Backend/src/test/java/com/creepereye/ecommerce/domain/product/controller/ProductControllerTest.java:[58,6] org.springframework.boot.test.mock.mockito.MockBean in org.springframework.boot.test.mock.mockito has been deprecated and marked for removal
[WARNING] /C:/Users/creep/Documents/e-commerce-system/Backend/src/test/java/com/creepereye/ecommerce/domain/user/controller/UserControllerTest.java:[43,6] org.springframework.boot.test.mock.mockito.MockBean in org.springframework.boot.test.mock.mockito has been deprecated and marked for removal
[WARNING] /C:/Users/creep/Documents/e-commerce-system/Backend/src/test/java/com/creepereye/ecommerce/domain/user/controller/UserControllerTest.java:[43,6] org.springframework.boot.test.mock.mockito.MockBean in org.springframework.boot.test.mock.mockito has been deprecated and marked for removal
[WARNING] /C:/Users/creep/Documents/e-commerce-system/Backend/src/test/java/com/creepereye/ecommerce/domain/user/controller/UserControllerTest.java:[43,6] org.springframework.boot.test.mock.mockito.MockBean in org.springframework.boot.test.mock.mockito has been deprecated and marked for removal
[WARNING] /C:/Users/creep/Documents/e-commerce-system/Backend/src/test/java/com/creepereye/ecommerce/domain/user/controller/UserControllerTest.java:[43,6] org.springframework.boot.test.mock.mockito.MockBean in org.springframework.boot.test.mock.mockito has been deprecated and marked for removal
[WARNING] /C:/Users/creep/Documents/e-commerce-system/Backend/src/test/java/com/creepereye/ecommerce/domain/user/controller/UserControllerTest.java:[43,6] org.springframework.boot.test.mock.mockito.MockBean in org.springframework.boot.test.mock.mockito has been deprecated and marked for removal
[WARNING] /C:/Users/creep/Documents/e-commerce-system/Backend/src/test/java/com/creepereye/ecommerce/domain/user/controller/UserControllerTest.java:[46,6] org.springframework.boot.test.mock.mockito.MockBean in org.springframework.boot.test.mock.mockito has been deprecated and marked for removal
[WARNING] /C:/Users/creep/Documents/e-commerce-system/Backend/src/test/java/com/creepereye/ecommerce/domain/user/controller/UserControllerTest.java:[46,6] org.springframework.boot.test.mock.mockito.MockBean in org.springframework.boot.test.mock.mockito has been deprecated and marked for removal
[WARNING] /C:/Users/creep/Documents/e-commerce-system/Backend/src/test/java/com/creepereye/ecommerce/domain/user/controller/UserControllerTest.java:[46,6] org.springframework.boot.test.mock.mockito.MockBean in org.springframework.boot.test.mock.mockito has been deprecated and marked for removal
[WARNING] /C:/Users/creep/Documents/e-commerce-system/Backend/src/test/java/com/creepereye/ecommerce/domain/user/controller/UserControllerTest.java:[46,6] org.springframework.boot.test.mock.mockito.MockBean in org.springframework.boot.test.mock.mockito has been deprecated and marked for removal
[WARNING] /C:/Users/creep/Documents/e-commerce-system/Backend/src/test/java/com/creepereye/ecommerce/domain/user/controller/UserControllerTest.java:[46,6] org.springframework.boot.test.mock.mockito.MockBean in org.springframework.boot.test.mock.mockito has been deprecated and marked for removal
[WARNING] /C:/Users/creep/Documents/e-commerce-system/Backend/src/test/java/com/creepereye/ecommerce/domain/user/controller/UserControllerTest.java:[49,6] org.springframework.boot.test.mock.mockito.MockBean in org.springframework.boot.test.mock.mockito has been deprecated and marked for removal
[WARNING] /C:/Users/creep/Documents/e-commerce-system/Backend/src/test/java/com/creepereye/ecommerce/domain/user/controller/UserControllerTest.java:[49,6] org.springframework.boot.test.mock.mockito.MockBean in org.springframework.boot.test.mock.mockito has been deprecated and marked for removal
[WARNING] /C:/Users/creep/Documents/e-commerce-system/Backend/src/test/java/com/creepereye/ecommerce/domain/user/controller/UserControllerTest.java:[49,6] org.springframework.boot.test.mock.mockito.MockBean in org.springframework.boot.test.mock.mockito has been deprecated and marked for removal
[WARNING] /C:/Users/creep/Documents/e-commerce-system/Backend/src/test/java/com/creepereye/ecommerce/domain/user/controller/UserControllerTest.java:[49,6] org.springframework.boot.test.mock.mockito.MockBean in org.springframework.boot.test.mock.mockito has been deprecated and marked for removal
[WARNING] /C:/Users/creep/Documents/e-commerce-system/Backend/src/test/java/com/creepereye/ecommerce/domain/user/controller/UserControllerTest.java:[49,6] org.springframework.boot.test.mock.mockito.MockBean in org.springframework.boot.test.mock.mockito has been deprecated and marked for removal
[WARNING] /C:/Users/creep/Documents/e-commerce-system/Backend/src/test/java/com/creepereye/ecommerce/domain/user/controller/UserControllerTest.java:[52,6] org.springframework.boot.test.mock.mockito.MockBean in org.springframework.boot.test.mock.mockito has been deprecated and marked for removal
[WARNING] /C:/Users/creep/Documents/e-commerce-system/Backend/src/test/java/com/creepereye/ecommerce/domain/user/controller/UserControllerTest.java:[52,6] org.springframework.boot.test.mock.mockito.MockBean in org.springframework.boot.test.mock.mockito has been deprecated and marked for removal
[WARNING] /C:/Users/creep/Documents/e-commerce-system/Backend/src/test/java/com/creepereye/ecommerce/domain/user/controller/UserControllerTest.java:[52,6] org.springframework.boot.test.mock.mockito.MockBean in org.springframework.boot.test.mock.mockito has been deprecated and marked for removal
[WARNING] /C:/Users/creep/Documents/e-commerce-system/Backend/src/test/java/com/creepereye/ecommerce/domain/user/controller/UserControllerTest.java:[52,6] org.springframework.boot.test.mock.mockito.MockBean in org.springframework.boot.test.mock.mockito has been deprecated and marked for removal
[WARNING] /C:/Users/creep/Documents/e-commerce-system/Backend/src/test/java/com/creepereye/ecommerce/domain/user/controller/UserControllerTest.java:[52,6] org.springframework.boot.test.mock.mockito.MockBean in org.springframework.boot.test.mock.mockito has been deprecated and marked for removal
[WARNING] /C:/Users/creep/Documents/e-commerce-system/Backend/src/test/java/com/creepereye/ecommerce/domain/user/controller/UserControllerTest.java:[55,6] org.springframework.boot.test.mock.mockito.MockBean in org.springframework.boot.test.mock.mockito has been deprecated and marked for removal
[WARNING] /C:/Users/creep/Documents/e-commerce-system/Backend/src/test/java/com/creepereye/ecommerce/domain/user/controller/UserControllerTest.java:[55,6] org.springframework.boot.test.mock.mockito.MockBean in org.springframework.boot.test.mock.mockito has been deprecated and marked for removal
[WARNING] /C:/Users/creep/Documents/e-commerce-system/Backend/src/test/java/com/creepereye/ecommerce/domain/user/controller/UserControllerTest.java:[55,6] org.springframework.boot.test.mock.mockito.MockBean in org.springframework.boot.test.mock.mockito has been deprecated and marked for removal
[WARNING] /C:/Users/creep/Documents/e-commerce-system/Backend/src/test/java/com/creepereye/ecommerce/domain/user/controller/UserControllerTest.java:[55,6] org.springframework.boot.test.mock.mockito.MockBean in org.springframework.boot.test.mock.mockito has been deprecated and marked for removal
[WARNING] /C:/Users/creep/Documents/e-commerce-system/Backend/src/test/java/com/creepereye/ecommerce/domain/user/controller/UserControllerTest.java:[55,6] org.springframework.boot.test.mock.mockito.MockBean in org.springframework.boot.test.mock.mockito has been deprecated and marked for removal
[WARNING] /C:/Users/creep/Documents/e-commerce-system/Backend/src/test/java/com/creepereye/ecommerce/domain/user/controller/UserControllerTest.java:[58,6] org.springframework.boot.test.mock.mockito.MockBean in org.springframework.boot.test.mock.mockito has been deprecated and marked for removal
[WARNING] /C:/Users/creep/Documents/e-commerce-system/Backend/src/test/java/com/creepereye/ecommerce/domain/user/controller/UserControllerTest.java:[58,6] org.springframework.boot.test.mock.mockito.MockBean in org.springframework.boot.test.mock.mockito has been deprecated and marked for removal
[WARNING] /C:/Users/creep/Documents/e-commerce-system/Backend/src/test/java/com/creepereye/ecommerce/domain/user/controller/UserControllerTest.java:[58,6] org.springframework.boot.test.mock.mockito.MockBean in org.springframework.boot.test.mock.mockito has been deprecated and marked for removal
[WARNING] /C:/Users/creep/Documents/e-commerce-system/Backend/src/test/java/com/creepereye/ecommerce/domain/user/controller/UserControllerTest.java:[58,6] org.springframework.boot.test.mock.mockito.MockBean in org.springframework.boot.test.mock.mockito has been deprecated and marked for removal
[WARNING] /C:/Users/creep/Documents/e-commerce-system/Backend/src/test/java/com/creepereye/ecommerce/domain/user/controller/UserControllerTest.java:[58,6] org.springframework.boot.test.mock.mockito.MockBean in org.springframework.boot.test.mock.mockito has been deprecated and marked for removal
[INFO] /C:/Users/creep/Documents/e-commerce-system/Backend/src/test/java/com/creepereye/ecommerce/domain/user/controller/UserControllerTest.java: C:\Users\creep\Documents\e-commerce-system\Backend\src\test\java\com\creepereye\ecommerce\domain\user\controller\UserControllerTest.java has additional uses or overrides of a deprecated API that is marked for removal.
[INFO] 
[INFO] --- surefire:3.5.4:test (default-test) @ ecommerce ---
[INFO] Using auto detected provider org.apache.maven.surefire.junitplatform.JUnitPlatformProvider
[INFO] 
[INFO] -------------------------------------------------------
[INFO]  T E S T S
[INFO] -------------------------------------------------------
[INFO] Running com.creepereye.ecommerce.domain.auth.controller.AuthControllerTest
Standard Commons Logging discovery in action with spring-jcl: please remove commons-logging.jar from classpath in order to avoid potential conflicts
20:15:15.434 [main] INFO org.springframework.test.context.support.AnnotationConfigContextLoaderUtils -- Could not detect default configuration classes for test class [com.creepereye.ecommerce.domain.auth.controller.AuthControllerTest]: AuthControllerTest does not declare any static, non-private, non-final, nested classes annotated with @Configuration.
20:15:15.569 [main] INFO org.springframework.boot.test.context.SpringBootTestContextBootstrapper -- Found @SpringBootConfiguration com.creepereye.ecommerce.EcommerceBackendApplication for test class com.creepereye.ecommerce.domain.auth.controller.AuthControllerTest

  .   ____          _            __ _ _
 /\\ / ___'_ __ _ _(_)_ __  __ _ \ \ \ \
( ( )\___ | '_ | '_| | '_ \/ _` | \ \ \ \
 \\/  ___)| |_)| | | | | || (_| |  ) ) ) )
  '  |____| .__|_| |_|_| |_\__, | / / / /
 =========|_|==============|___/=/_/_/_/

 :: Spring Boot ::               (v3.4.12)

2025-12-24T20:15:15.943+09:00  WARN 19416 --- [           main] ory$DuplicateJsonObjectContextCustomizer : 

Found multiple occurrences of org.json.JSONObject on the class path:

	jar:file:/C:/Users/creep/.m2/repository/org/json/json/20240303/json-20240303.jar!/org/json/JSONObject.class
	jar:file:/C:/Users/creep/.m2/repository/com/vaadin/external/google/android-json/0.0.20131108.vaadin1/android-json-0.0.20131108.vaadin1.jar!/org/json/JSONObject.class

You may wish to exclude one of them to ensure predictable runtime behavior

2025-12-24T20:15:15.959+09:00  INFO 19416 --- [           main] c.c.e.d.a.controller.AuthControllerTest  : Starting AuthControllerTest using Java 21.0.8 with PID 19416 (started by creep in C:\Users\creep\Documents\e-commerce-system\Backend)
2025-12-24T20:15:15.961+09:00  INFO 19416 --- [           main] c.c.e.d.a.controller.AuthControllerTest  : The following 1 profile is active: "local"
2025-12-24T20:15:17.819+09:00  INFO 19416 --- [           main] .s.d.r.c.RepositoryConfigurationDelegate : Multiple Spring Data modules found, entering strict repository configuration mode
2025-12-24T20:15:17.821+09:00  INFO 19416 --- [           main] .s.d.r.c.RepositoryConfigurationDelegate : Bootstrapping Spring Data JPA repositories in DEFAULT mode.
2025-12-24T20:15:17.961+09:00  INFO 19416 --- [           main] .s.d.r.c.RepositoryConfigurationDelegate : Finished Spring Data repository scanning in 131 ms. Found 14 JPA repository interfaces.
2025-12-24T20:15:17.974+09:00  INFO 19416 --- [           main] .s.d.r.c.RepositoryConfigurationDelegate : Multiple Spring Data modules found, entering strict repository configuration mode
2025-12-24T20:15:17.975+09:00  INFO 19416 --- [           main] .s.d.r.c.RepositoryConfigurationDelegate : Bootstrapping Spring Data Redis repositories in DEFAULT mode.
2025-12-24T20:15:17.994+09:00  INFO 19416 --- [           main] .RepositoryConfigurationExtensionSupport : Spring Data Redis - Could not safely identify store assignment for repository candidate interface com.creepereye.ecommerce.domain.auth.repository.AuthRepository; If you want this repository to be a Redis repository, consider annotating your entities with one of these annotations: org.springframework.data.redis.core.RedisHash (preferred), or consider extending one of the following types with your repository: org.springframework.data.keyvalue.repository.KeyValueRepository
2025-12-24T20:15:17.995+09:00  INFO 19416 --- [           main] .RepositoryConfigurationExtensionSupport : Spring Data Redis - Could not safely identify store assignment for repository candidate interface com.creepereye.ecommerce.domain.product.repository.ColourGroupRepository; If you want this repository to be a Redis repository, consider annotating your entities with one of these annotations: org.springframework.data.redis.core.RedisHash (preferred), or consider extending one of the following types with your repository: org.springframework.data.keyvalue.repository.KeyValueRepository
2025-12-24T20:15:17.995+09:00  INFO 19416 --- [           main] .RepositoryConfigurationExtensionSupport : Spring Data Redis - Could not safely identify store assignment for repository candidate interface com.creepereye.ecommerce.domain.product.repository.DepartmentRepository; If you want this repository to be a Redis repository, consider annotating your entities with one of these annotations: org.springframework.data.redis.core.RedisHash (preferred), or consider extending one of the following types with your repository: org.springframework.data.keyvalue.repository.KeyValueRepository
2025-12-24T20:15:17.995+09:00  INFO 19416 --- [           main] .RepositoryConfigurationExtensionSupport : Spring Data Redis - Could not safely identify store assignment for repository candidate interface com.creepereye.ecommerce.domain.product.repository.GarmentGroupRepository; If you want this repository to be a Redis repository, consider annotating your entities with one of these annotations: org.springframework.data.redis.core.RedisHash (preferred), or consider extending one of the following types with your repository: org.springframework.data.keyvalue.repository.KeyValueRepository
2025-12-24T20:15:17.996+09:00  INFO 19416 --- [           main] .RepositoryConfigurationExtensionSupport : Spring Data Redis - Could not safely identify store assignment for repository candidate interface com.creepereye.ecommerce.domain.product.repository.GraphicalAppearanceRepository; If you want this repository to be a Redis repository, consider annotating your entities with one of these annotations: org.springframework.data.redis.core.RedisHash (preferred), or consider extending one of the following types with your repository: org.springframework.data.keyvalue.repository.KeyValueRepository
2025-12-24T20:15:17.996+09:00  INFO 19416 --- [           main] .RepositoryConfigurationExtensionSupport : Spring Data Redis - Could not safely identify store assignment for repository candidate interface com.creepereye.ecommerce.domain.product.repository.IndexGroupRepository; If you want this repository to be a Redis repository, consider annotating your entities with one of these annotations: org.springframework.data.redis.core.RedisHash (preferred), or consider extending one of the following types with your repository: org.springframework.data.keyvalue.repository.KeyValueRepository
2025-12-24T20:15:17.996+09:00  INFO 19416 --- [           main] .RepositoryConfigurationExtensionSupport : Spring Data Redis - Could not safely identify store assignment for repository candidate interface com.creepereye.ecommerce.domain.product.repository.IndexRepository; If you want this repository to be a Redis repository, consider annotating your entities with one of these annotations: org.springframework.data.redis.core.RedisHash (preferred), or consider extending one of the following types with your repository: org.springframework.data.keyvalue.repository.KeyValueRepository
2025-12-24T20:15:17.997+09:00  INFO 19416 --- [           main] .RepositoryConfigurationExtensionSupport : Spring Data Redis - Could not safely identify store assignment for repository candidate interface com.creepereye.ecommerce.domain.product.repository.PerceivedColourMasterRepository; If you want this repository to be a Redis repository, consider annotating your entities with one of these annotations: org.springframework.data.redis.core.RedisHash (preferred), or consider extending one of the following types with your repository: org.springframework.data.keyvalue.repository.KeyValueRepository
2025-12-24T20:15:17.997+09:00  INFO 19416 --- [           main] .RepositoryConfigurationExtensionSupport : Spring Data Redis - Could not safely identify store assignment for repository candidate interface com.creepereye.ecommerce.domain.product.repository.PerceivedColourValueRepository; If you want this repository to be a Redis repository, consider annotating your entities with one of these annotations: org.springframework.data.redis.core.RedisHash (preferred), or consider extending one of the following types with your repository: org.springframework.data.keyvalue.repository.KeyValueRepository
2025-12-24T20:15:17.997+09:00  INFO 19416 --- [           main] .RepositoryConfigurationExtensionSupport : Spring Data Redis - Could not safely identify store assignment for repository candidate interface com.creepereye.ecommerce.domain.product.repository.ProductGroupRepository; If you want this repository to be a Redis repository, consider annotating your entities with one of these annotations: org.springframework.data.redis.core.RedisHash (preferred), or consider extending one of the following types with your repository: org.springframework.data.keyvalue.repository.KeyValueRepository
2025-12-24T20:15:17.998+09:00  INFO 19416 --- [           main] .RepositoryConfigurationExtensionSupport : Spring Data Redis - Could not safely identify store assignment for repository candidate interface com.creepereye.ecommerce.domain.product.repository.ProductRepository; If you want this repository to be a Redis repository, consider annotating your entities with one of these annotations: org.springframework.data.redis.core.RedisHash (preferred), or consider extending one of the following types with your repository: org.springframework.data.keyvalue.repository.KeyValueRepository
2025-12-24T20:15:17.998+09:00  INFO 19416 --- [           main] .RepositoryConfigurationExtensionSupport : Spring Data Redis - Could not safely identify store assignment for repository candidate interface com.creepereye.ecommerce.domain.product.repository.ProductTypeRepository; If you want this repository to be a Redis repository, consider annotating your entities with one of these annotations: org.springframework.data.redis.core.RedisHash (preferred), or consider extending one of the following types with your repository: org.springframework.data.keyvalue.repository.KeyValueRepository
2025-12-24T20:15:17.998+09:00  INFO 19416 --- [           main] .RepositoryConfigurationExtensionSupport : Spring Data Redis - Could not safely identify store assignment for repository candidate interface com.creepereye.ecommerce.domain.product.repository.SectionRepository; If you want this repository to be a Redis repository, consider annotating your entities with one of these annotations: org.springframework.data.redis.core.RedisHash (preferred), or consider extending one of the following types with your repository: org.springframework.data.keyvalue.repository.KeyValueRepository
2025-12-24T20:15:17.998+09:00  INFO 19416 --- [           main] .RepositoryConfigurationExtensionSupport : Spring Data Redis - Could not safely identify store assignment for repository candidate interface com.creepereye.ecommerce.domain.user.repository.UserRepository; If you want this repository to be a Redis repository, consider annotating your entities with one of these annotations: org.springframework.data.redis.core.RedisHash (preferred), or consider extending one of the following types with your repository: org.springframework.data.keyvalue.repository.KeyValueRepository
2025-12-24T20:15:17.998+09:00  INFO 19416 --- [           main] .s.d.r.c.RepositoryConfigurationDelegate : Finished Spring Data repository scanning in 15 ms. Found 0 Redis repository interfaces.
.\\mvnw.cmd : Mockito is currently self-attaching to enable the inline-mock-maker. This will no longer work in future releases of the JDK. Please add Mockito as an agent to your build what is described in Mockito's documentatio
n: https://javadoc.io/doc/org.mockito/mockito-core/latest/org/mockito/Mockito.html#0.3
위치 줄:1 문자:1
+ .\\mvnw.cmd test > test-output.txt 2>&1
+ ~~~~~~~~~~~~~~~~~~~~~~~~~~~~~~~~~~~~~~~
    + CategoryInfo          : NotSpecified: (Mockito is curr...ockito.html#0.3:String) [], RemoteException
    + FullyQualifiedErrorId : NativeCommandError
 
WARNING: A Java agent has been loaded dynamically (C:\Users\creep\.m2\repository\net\bytebuddy\byte-buddy-agent\1.15.11\byte-buddy-agent-1.15.11.jar)
WARNING: If a serviceability tool is in use, please run with -XX:+EnableDynamicAgentLoading to hide this warning
WARNING: If a serviceability tool is not in use, please run with -Djdk.instrument.traceUsage for more information
WARNING: Dynamic loading of agents will be disallowed by default in a future release
OpenJDK 64-Bit Server VM warning: Sharing is only supported for boot loader classes because bootstrap classpath has been appended
2025-12-24T20:15:20.491+09:00  INFO 19416 --- [           main] o.hibernate.jpa.internal.util.LogHelper  : HHH000204: Processing PersistenceUnitInfo [name: default]
2025-12-24T20:15:20.696+09:00  INFO 19416 --- [           main] org.hibernate.Version                    : HHH000412: Hibernate ORM core version 6.6.36.Final
2025-12-24T20:15:20.783+09:00  INFO 19416 --- [           main] o.h.c.internal.RegionFactoryInitiator    : HHH000026: Second-level cache disabled
2025-12-24T20:15:21.007+09:00  INFO 19416 --- [           main] o.s.o.j.p.SpringPersistenceUnitInfo      : No LoadTimeWeaver setup: ignoring JPA class transformer
2025-12-24T20:15:21.042+09:00  INFO 19416 --- [           main] com.zaxxer.hikari.HikariDataSource       : HikariPool-1 - Starting...
2025-12-24T20:15:21.234+09:00  INFO 19416 --- [           main] com.zaxxer.hikari.pool.HikariPool        : HikariPool-1 - Added connection conn0: url=jdbc:h2:mem:testdb user=SA
2025-12-24T20:15:21.239+09:00  INFO 19416 --- [           main] com.zaxxer.hikari.HikariDataSource       : HikariPool-1 - Start completed.
2025-12-24T20:15:21.310+09:00  WARN 19416 --- [           main] org.hibernate.orm.deprecation            : HHH90000025: H2Dialect does not need to be specified explicitly using 'hibernate.dialect' (remove the property setting and it will be selected by default)
2025-12-24T20:15:21.373+09:00  INFO 19416 --- [           main] org.hibernate.orm.connections.pooling    : HHH10001005: Database info:
	Database JDBC URL [Connecting through datasource 'HikariDataSource (HikariPool-1)']
	Database driver: undefined/unknown
	Database version: 2.3.232
	Autocommit mode: undefined/unknown
	Isolation level: undefined/unknown
	Minimum pool size: undefined/unknown
	Maximum pool size: undefined/unknown
2025-12-24T20:15:22.329+09:00  INFO 19416 --- [           main] o.h.e.t.j.p.i.JtaPlatformInitiator       : HHH000489: No JTA platform available (set 'hibernate.transaction.jta.platform' to enable JTA platform integration)
2025-12-24T20:15:22.402+09:00  INFO 19416 --- [           main] j.LocalContainerEntityManagerFactoryBean : Initialized JPA EntityManagerFactory for persistence unit 'default'
2025-12-24T20:15:23.621+09:00  WARN 19416 --- [           main] JpaBaseConfiguration$JpaWebConfiguration : spring.jpa.open-in-view is enabled by default. Therefore, database queries may be performed during view rendering. Explicitly configure spring.jpa.open-in-view to disable this warning
2025-12-24T20:15:24.710+09:00  INFO 19416 --- [           main] o.s.b.a.e.web.EndpointLinksResolver      : Exposing 1 endpoint beneath base path '/actuator'
2025-12-24T20:15:25.702+09:00  INFO 19416 --- [           main] o.s.b.a.h2.H2ConsoleAutoConfiguration    : H2 console available at '/h2-console'. Database available at 'jdbc:h2:mem:testdb'
2025-12-24T20:15:25.749+09:00  INFO 19416 --- [           main] o.s.b.t.m.w.SpringBootMockServletContext : Initializing Spring TestDispatcherServlet ''
2025-12-24T20:15:25.749+09:00  INFO 19416 --- [           main] o.s.t.web.servlet.TestDispatcherServlet  : Initializing Servlet ''
2025-12-24T20:15:25.750+09:00  INFO 19416 --- [           main] o.s.t.web.servlet.TestDispatcherServlet  : Completed initialization in 1 ms
2025-12-24T20:15:25.831+09:00  INFO 19416 --- [           main] c.c.e.d.a.controller.AuthControllerTest  : Started AuthControllerTest in 10.145 seconds (process running for 11.128)
2025-12-24T20:15:25.938+09:00  WARN 19416 --- [           main] o.s.core.events.SpringDocAppInitializer  : SpringDoc /v3/api-docs endpoint is enabled by default. To disable it in production, set the property 'springdoc.api-docs.enabled=false'
2025-12-24T20:15:25.938+09:00  WARN 19416 --- [           main] o.s.core.events.SpringDocAppInitializer  : SpringDoc /swagger-ui.html endpoint is enabled by default. To disable it in production, set the property 'springdoc.swagger-ui.enabled=false'
2025-12-24T20:15:26.027+09:00 ERROR 19416 --- [           main] c.c.e.g.s.h.JwtAuthenticationEntryPoint  : 인증 실패 [InsufficientAuthenticationException]: Full authentication is required to access this resource
2025-12-24T20:15:26.028+09:00 ERROR 19416 --- [           main] c.c.e.g.s.h.JwtAuthenticationEntryPoint  : 머지이거
2025-12-24T20:15:26.081+09:00 ERROR 19416 --- [           main] c.c.e.g.s.h.JwtAuthenticationEntryPoint  : 인증 실패 [InsufficientAuthenticationException]: Full authentication is required to access this resource
2025-12-24T20:15:26.081+09:00 ERROR 19416 --- [           main] c.c.e.g.s.h.JwtAuthenticationEntryPoint  : 머지이거
[INFO] Tests run: 4, Failures: 0, Errors: 0, Skipped: 0, Time elapsed: 10.90 s -- in com.creepereye.ecommerce.domain.auth.controller.AuthControllerTest
[INFO] Running com.creepereye.ecommerce.domain.product.controller.ProductControllerTest
2025-12-24T20:15:26.218+09:00  INFO 19416 --- [           main] t.c.s.AnnotationConfigContextLoaderUtils : Could not detect default configuration classes for test class [com.creepereye.ecommerce.domain.product.controller.ProductControllerTest]: ProductControllerTest does not declare any static, non-private, non-final, nested classes annotated with @Configuration.
2025-12-24T20:15:26.273+09:00  INFO 19416 --- [           main] .b.t.c.SpringBootTestContextBootstrapper : Found @SpringBootConfiguration com.creepereye.ecommerce.EcommerceBackendApplication for test class com.creepereye.ecommerce.domain.product.controller.ProductControllerTest
2025-12-24T20:15:26.312+09:00 ERROR 19416 --- [           main] c.c.e.g.s.h.CustomAccessDeniedHandler    : 인가 실패: Access Denied
2025-12-24T20:15:26.332+09:00 ERROR 19416 --- [           main] c.c.e.g.s.h.CustomAccessDeniedHandler    : 인가 실패: Access Denied
[INFO] Tests run: 5, Failures: 0, Errors: 0, Skipped: 0, Time elapsed: 0.162 s -- in com.creepereye.ecommerce.domain.product.controller.ProductControllerTest
[INFO] Running com.creepereye.ecommerce.domain.user.controller.UserControllerTest
2025-12-24T20:15:26.383+09:00  INFO 19416 --- [           main] t.c.s.AnnotationConfigContextLoaderUtils : Could not detect default configuration classes for test class [com.creepereye.ecommerce.domain.user.controller.UserControllerTest]: UserControllerTest does not declare any static, non-private, non-final, nested classes annotated with @Configuration.
2025-12-24T20:15:26.404+09:00  INFO 19416 --- [           main] .b.t.c.SpringBootTestContextBootstrapper : Found @SpringBootConfiguration com.creepereye.ecommerce.EcommerceBackendApplication for test class com.creepereye.ecommerce.domain.user.controller.UserControllerTest
2025-12-24T20:15:26.503+09:00 ERROR 19416 --- [           main] c.c.e.g.s.h.JwtAuthenticationEntryPoint  : 인증 실패 [InsufficientAuthenticationException]: Full authentication is required to access this resource
2025-12-24T20:15:26.503+09:00 ERROR 19416 --- [           main] c.c.e.g.s.h.JwtAuthenticationEntryPoint  : 머지이거
[INFO] Tests run: 3, Failures: 0, Errors: 0, Skipped: 0, Time elapsed: 0.127 s -- in com.creepereye.ecommerce.domain.user.controller.UserControllerTest
[INFO] Running com.creepereye.ecommerce.domain.user.service.UserServiceTest
[INFO] Tests run: 2, Failures: 0, Errors: 0, Skipped: 0, Time elapsed: 0.049 s -- in com.creepereye.ecommerce.domain.user.service.UserServiceTest
[INFO] Running com.creepereye.ecommerce.EcommerceBackendApplicationTests
2025-12-24T20:15:26.575+09:00  INFO 19416 --- [           main] t.c.s.AnnotationConfigContextLoaderUtils : Could not detect default configuration classes for test class [com.creepereye.ecommerce.EcommerceBackendApplicationTests]: EcommerceBackendApplicationTests does not declare any static, non-private, non-final, nested classes annotated with @Configuration.
2025-12-24T20:15:26.588+09:00  INFO 19416 --- [           main] .b.t.c.SpringBootTestContextBootstrapper : Found @SpringBootConfiguration com.creepereye.ecommerce.EcommerceBackendApplication for test class com.creepereye.ecommerce.EcommerceBackendApplicationTests
2025-12-24T20:15:26.596+09:00  INFO 19416 --- [           main] m.p.springdotenv.DotenvPropertySource    : Initialized Dotenv with DotenvConfig{directory=null, filename=null, ignoreIfMalformed=false, ignoreIfMissing=true, systemProperties=false, prefix=null}

  .   ____          _            __ _ _
 /\\ / ___'_ __ _ _(_)_ __  __ _ \ \ \ \
( ( )\___ | '_ | '_| | '_ \/ _` | \ \ \ \
 \\/  ___)| |_)| | | | | || (_| |  ) ) ) )
  '  |____| .__|_| |_|_| |_\__, | / / / /
 =========|_|==============|___/=/_/_/_/

 :: Spring Boot ::               (v3.4.12)

2025-12-24T20:15:26.631+09:00  WARN 19416 --- [           main] ory$DuplicateJsonObjectContextCustomizer : 

Found multiple occurrences of org.json.JSONObject on the class path:

	jar:file:/C:/Users/creep/.m2/repository/org/json/json/20240303/json-20240303.jar!/org/json/JSONObject.class
	jar:file:/C:/Users/creep/.m2/repository/com/vaadin/external/google/android-json/0.0.20131108.vaadin1/android-json-0.0.20131108.vaadin1.jar!/org/json/JSONObject.class

You may wish to exclude one of them to ensure predictable runtime behavior

2025-12-24T20:15:26.633+09:00  INFO 19416 --- [           main] c.c.e.EcommerceBackendApplicationTests   : Starting EcommerceBackendApplicationTests using Java 21.0.8 with PID 19416 (started by creep in C:\Users\creep\Documents\e-commerce-system\Backend)
2025-12-24T20:15:26.633+09:00  INFO 19416 --- [           main] c.c.e.EcommerceBackendApplicationTests   : The following 1 profile is active: "local"
2025-12-24T20:15:27.080+09:00  INFO 19416 --- [           main] .s.d.r.c.RepositoryConfigurationDelegate : Multiple Spring Data modules found, entering strict repository configuration mode
2025-12-24T20:15:27.080+09:00  INFO 19416 --- [           main] .s.d.r.c.RepositoryConfigurationDelegate : Bootstrapping Spring Data JPA repositories in DEFAULT mode.
2025-12-24T20:15:27.121+09:00  INFO 19416 --- [           main] .s.d.r.c.RepositoryConfigurationDelegate : Finished Spring Data repository scanning in 38 ms. Found 14 JPA repository interfaces.
2025-12-24T20:15:27.123+09:00  INFO 19416 --- [           main] .s.d.r.c.RepositoryConfigurationDelegate : Multiple Spring Data modules found, entering strict repository configuration mode
2025-12-24T20:15:27.123+09:00  INFO 19416 --- [           main] .s.d.r.c.RepositoryConfigurationDelegate : Bootstrapping Spring Data Redis repositories in DEFAULT mode.
2025-12-24T20:15:27.133+09:00  INFO 19416 --- [           main] .RepositoryConfigurationExtensionSupport : Spring Data Redis - Could not safely identify store assignment for repository candidate interface com.creepereye.ecommerce.domain.auth.repository.AuthRepository; If you want this repository to be a Redis repository, consider annotating your entities with one of these annotations: org.springframework.data.redis.core.RedisHash (preferred), or consider extending one of the following types with your repository: org.springframework.data.keyvalue.repository.KeyValueRepository
2025-12-24T20:15:27.133+09:00  INFO 19416 --- [           main] .RepositoryConfigurationExtensionSupport : Spring Data Redis - Could not safely identify store assignment for repository candidate interface com.creepereye.ecommerce.domain.product.repository.ColourGroupRepository; If you want this repository to be a Redis repository, consider annotating your entities with one of these annotations: org.springframework.data.redis.core.RedisHash (preferred), or consider extending one of the following types with your repository: org.springframework.data.keyvalue.repository.KeyValueRepository
2025-12-24T20:15:27.133+09:00  INFO 19416 --- [           main] .RepositoryConfigurationExtensionSupport : Spring Data Redis - Could not safely identify store assignment for repository candidate interface com.creepereye.ecommerce.domain.product.repository.DepartmentRepository; If you want this repository to be a Redis repository, consider annotating your entities with one of these annotations: org.springframework.data.redis.core.RedisHash (preferred), or consider extending one of the following types with your repository: org.springframework.data.keyvalue.repository.KeyValueRepository
2025-12-24T20:15:27.133+09:00  INFO 19416 --- [           main] .RepositoryConfigurationExtensionSupport : Spring Data Redis - Could not safely identify store assignment for repository candidate interface com.creepereye.ecommerce.domain.product.repository.GarmentGroupRepository; If you want this repository to be a Redis repository, consider annotating your entities with one of these annotations: org.springframework.data.redis.core.RedisHash (preferred), or consider extending one of the following types with your repository: org.springframework.data.keyvalue.repository.KeyValueRepository
2025-12-24T20:15:27.133+09:00  INFO 19416 --- [           main] .RepositoryConfigurationExtensionSupport : Spring Data Redis - Could not safely identify store assignment for repository candidate interface com.creepereye.ecommerce.domain.product.repository.GraphicalAppearanceRepository; If you want this repository to be a Redis repository, consider annotating your entities with one of these annotations: org.springframework.data.redis.core.RedisHash (preferred), or consider extending one of the following types with your repository: org.springframework.data.keyvalue.repository.KeyValueRepository
2025-12-24T20:15:27.133+09:00  INFO 19416 --- [           main] .RepositoryConfigurationExtensionSupport : Spring Data Redis - Could not safely identify store assignment for repository candidate interface com.creepereye.ecommerce.domain.product.repository.IndexGroupRepository; If you want this repository to be a Redis repository, consider annotating your entities with one of these annotations: org.springframework.data.redis.core.RedisHash (preferred), or consider extending one of the following types with your repository: org.springframework.data.keyvalue.repository.KeyValueRepository
2025-12-24T20:15:27.133+09:00  INFO 19416 --- [           main] .RepositoryConfigurationExtensionSupport : Spring Data Redis - Could not safely identify store assignment for repository candidate interface com.creepereye.ecommerce.domain.product.repository.IndexRepository; If you want this repository to be a Redis repository, consider annotating your entities with one of these annotations: org.springframework.data.redis.core.RedisHash (preferred), or consider extending one of the following types with your repository: org.springframework.data.keyvalue.repository.KeyValueRepository
2025-12-24T20:15:27.133+09:00  INFO 19416 --- [           main] .RepositoryConfigurationExtensionSupport : Spring Data Redis - Could not safely identify store assignment for repository candidate interface com.creepereye.ecommerce.domain.product.repository.PerceivedColourMasterRepository; If you want this repository to be a Redis repository, consider annotating your entities with one of these annotations: org.springframework.data.redis.core.RedisHash (preferred), or consider extending one of the following types with your repository: org.springframework.data.keyvalue.repository.KeyValueRepository
2025-12-24T20:15:27.133+09:00  INFO 19416 --- [           main] .RepositoryConfigurationExtensionSupport : Spring Data Redis - Could not safely identify store assignment for repository candidate interface com.creepereye.ecommerce.domain.product.repository.PerceivedColourValueRepository; If you want this repository to be a Redis repository, consider annotating your entities with one of these annotations: org.springframework.data.redis.core.RedisHash (preferred), or consider extending one of the following types with your repository: org.springframework.data.keyvalue.repository.KeyValueRepository
2025-12-24T20:15:27.133+09:00  INFO 19416 --- [           main] .RepositoryConfigurationExtensionSupport : Spring Data Redis - Could not safely identify store assignment for repository candidate interface com.creepereye.ecommerce.domain.product.repository.ProductGroupRepository; If you want this repository to be a Redis repository, consider annotating your entities with one of these annotations: org.springframework.data.redis.core.RedisHash (preferred), or consider extending one of the following types with your repository: org.springframework.data.keyvalue.repository.KeyValueRepository
2025-12-24T20:15:27.134+09:00  INFO 19416 --- [           main] .RepositoryConfigurationExtensionSupport : Spring Data Redis - Could not safely identify store assignment for repository candidate interface com.creepereye.ecommerce.domain.product.repository.ProductRepository; If you want this repository to be a Redis repository, consider annotating your entities with one of these annotations: org.springframework.data.redis.core.RedisHash (preferred), or consider extending one of the following types with your repository: org.springframework.data.keyvalue.repository.KeyValueRepository
2025-12-24T20:15:27.134+09:00  INFO 19416 --- [           main] .RepositoryConfigurationExtensionSupport : Spring Data Redis - Could not safely identify store assignment for repository candidate interface com.creepereye.ecommerce.domain.product.repository.ProductTypeRepository; If you want this repository to be a Redis repository, consider annotating your entities with one of these annotations: org.springframework.data.redis.core.RedisHash (preferred), or consider extending one of the following types with your repository: org.springframework.data.keyvalue.repository.KeyValueRepository
2025-12-24T20:15:27.134+09:00  INFO 19416 --- [           main] .RepositoryConfigurationExtensionSupport : Spring Data Redis - Could not safely identify store assignment for repository candidate interface com.creepereye.ecommerce.domain.product.repository.SectionRepository; If you want this repository to be a Redis repository, consider annotating your entities with one of these annotations: org.springframework.data.redis.core.RedisHash (preferred), or consider extending one of the following types with your repository: org.springframework.data.keyvalue.repository.KeyValueRepository
2025-12-24T20:15:27.134+09:00  INFO 19416 --- [           main] .RepositoryConfigurationExtensionSupport : Spring Data Redis - Could not safely identify store assignment for repository candidate interface com.creepereye.ecommerce.domain.user.repository.UserRepository; If you want this repository to be a Redis repository, consider annotating your entities with one of these annotations: org.springframework.data.redis.core.RedisHash (preferred), or consider extending one of the following types with your repository: org.springframework.data.keyvalue.repository.KeyValueRepository
2025-12-24T20:15:27.134+09:00  INFO 19416 --- [           main] .s.d.r.c.RepositoryConfigurationDelegate : Finished Spring Data repository scanning in 9 ms. Found 0 Redis repository interfaces.
2025-12-24T20:15:27.243+09:00  INFO 19416 --- [           main] o.hibernate.jpa.internal.util.LogHelper  : HHH000204: Processing PersistenceUnitInfo [name: default]
2025-12-24T20:15:27.246+09:00  INFO 19416 --- [           main] o.h.c.internal.RegionFactoryInitiator    : HHH000026: Second-level cache disabled
2025-12-24T20:15:27.255+09:00  INFO 19416 --- [           main] o.s.o.j.p.SpringPersistenceUnitInfo      : No LoadTimeWeaver setup: ignoring JPA class transformer
2025-12-24T20:15:27.256+09:00  INFO 19416 --- [           main] com.zaxxer.hikari.HikariDataSource       : HikariPool-2 - Starting...
2025-12-24T20:15:27.256+09:00  INFO 19416 --- [           main] com.zaxxer.hikari.pool.HikariPool        : HikariPool-2 - Added connection conn10: url=jdbc:h2:mem:testdb user=SA
2025-12-24T20:15:27.257+09:00  INFO 19416 --- [           main] com.zaxxer.hikari.HikariDataSource       : HikariPool-2 - Start completed.
2025-12-24T20:15:27.257+09:00  WARN 19416 --- [           main] org.hibernate.orm.deprecation            : HHH90000025: H2Dialect does not need to be specified explicitly using 'hibernate.dialect' (remove the property setting and it will be selected by default)
2025-12-24T20:15:27.258+09:00  INFO 19416 --- [           main] org.hibernate.orm.connections.pooling    : HHH10001005: Database info:
	Database JDBC URL [Connecting through datasource 'HikariDataSource (HikariPool-2)']
	Database driver: undefined/unknown
	Database version: 2.3.232
	Autocommit mode: undefined/unknown
	Isolation level: undefined/unknown
	Minimum pool size: undefined/unknown
	Maximum pool size: undefined/unknown
2025-12-24T20:15:27.344+09:00  INFO 19416 --- [           main] o.h.e.t.j.p.i.JtaPlatformInitiator       : HHH000489: No JTA platform available (set 'hibernate.transaction.jta.platform' to enable JTA platform integration)
2025-12-24T20:15:27.370+09:00  INFO 19416 --- [           main] j.LocalContainerEntityManagerFactoryBean : Initialized JPA EntityManagerFactory for persistence unit 'default'
2025-12-24T20:15:27.573+09:00  INFO 19416 --- [           main] o.s.d.j.r.query.QueryEnhancerFactory     : Hibernate is in classpath; If applicable, HQL parser will be used.
2025-12-24T20:15:28.153+09:00  WARN 19416 --- [           main] JpaBaseConfiguration$JpaWebConfiguration : spring.jpa.open-in-view is enabled by default. Therefore, database queries may be performed during view rendering. Explicitly configure spring.jpa.open-in-view to disable this warning
2025-12-24T20:15:28.165+09:00  INFO 19416 --- [           main] r$InitializeUserDetailsManagerConfigurer : Global AuthenticationManager configured with UserDetailsService bean with name authService
2025-12-24T20:15:28.258+09:00  INFO 19416 --- [           main] o.s.b.a.e.web.EndpointLinksResolver      : Exposing 1 endpoint beneath base path '/actuator'
2025-12-24T20:15:28.407+09:00  INFO 19416 --- [           main] o.s.b.a.h2.H2ConsoleAutoConfiguration    : H2 console available at '/h2-console'. Database available at 'jdbc:h2:mem:testdb'
2025-12-24T20:15:28.440+09:00  INFO 19416 --- [           main] c.c.e.EcommerceBackendApplicationTests   : Started EcommerceBackendApplicationTests in 1.848 seconds (process running for 13.738)
2025-12-24T20:15:28.441+09:00  WARN 19416 --- [           main] o.s.core.events.SpringDocAppInitializer  : SpringDoc /v3/api-docs endpoint is enabled by default. To disable it in production, set the property 'springdoc.api-docs.enabled=false'
2025-12-24T20:15:28.441+09:00  WARN 19416 --- [           main] o.s.core.events.SpringDocAppInitializer  : SpringDoc /swagger-ui.html endpoint is enabled by default. To disable it in production, set the property 'springdoc.swagger-ui.enabled=false'
[INFO] Tests run: 1, Failures: 0, Errors: 0, Skipped: 0, Time elapsed: 1.873 s -- in com.creepereye.ecommerce.EcommerceBackendApplicationTests
[INFO] 
[INFO] Results:
[INFO] 
[INFO] Tests run: 15, Failures: 0, Errors: 0, Skipped: 0
[INFO] 
[INFO] ------------------------------------------------------------------------
[INFO] BUILD SUCCESS
[INFO] ------------------------------------------------------------------------
[INFO] Total time:  21.263 s
[INFO] Finished at: 2025-12-24T20:15:28+09:00
[INFO] ------------------------------------------------------------------------
